<html>
<body>
<pre>
<h1>µVision Build Log</h1>
<h2>Project:</h2>
C:\Keil\Labware\PC_UART0_Connection\Lab11.uvproj
Project File Date:  05/04/2016

<h2>Output:</h2>
Rebuild target 'Lab11'
assembling startup.s...
compiling UART.c...
compiling main.c...
linking...
Program Size: Code=2512 RO-data=696 RW-data=44 ZI-data=1756  
".\Lab11.axf" - 0 Error(s), 0 Warning(s).
Load "C:\\Keil\\Labware\\PC_UART0_Connection\\Lab11.axf" 
Connecting: Mode=JTAG, Speed=1000000Hz
Erase Done.
Programming Done.
Verify OK.
Load "C:\\Keil\\Labware\\PC_UART0_Connection\\Lab11.axf" 
Connecting: Mode=JTAG, Speed=1000000Hz
Erase Done.
Programming Done.
Verify OK.
Load "C:\\Keil\\Labware\\PC_UART0_Connection\\Lab11.axf" 
Connecting: Mode=JTAG, Speed=1000000Hz
Erase Done.
Programming Done.
Verify OK.
</pre>
</body>
</html>
